[    5237ms] [WARNING] No "data-stageId" on stage. @ http://localhost:8080/plugin/pipeline-stage-view/jsmodules/stageview.js:0
[    5238ms] [WARNING] No "data-stageId" on stage. @ http://localhost:8080/plugin/pipeline-stage-view/jsmodules/stageview.js:0
[    5238ms] [WARNING] No "data-stageId" on stage. @ http://localhost:8080/plugin/pipeline-stage-view/jsmodules/stageview.js:0
[    5238ms] [WARNING] No "data-stageId" on stage. @ http://localhost:8080/plugin/pipeline-stage-view/jsmodules/stageview.js:0
[    5238ms] [WARNING] No "data-stageId" on stage. @ http://localhost:8080/plugin/pipeline-stage-view/jsmodules/stageview.js:0
[    5238ms] [WARNING] No "data-stageId" on stage. @ http://localhost:8080/plugin/pipeline-stage-view/jsmodules/stageview.js:0
[    5238ms] [WARNING] No "data-stageId" on stage. @ http://localhost:8080/plugin/pipeline-stage-view/jsmodules/stageview.js:0
[    5238ms] [WARNING] No "data-stageId" on stage. @ http://localhost:8080/plugin/pipeline-stage-view/jsmodules/stageview.js:0
[    5238ms] [WARNING] No "data-stageId" on stage. @ http://localhost:8080/plugin/pipeline-stage-view/jsmodules/stageview.js:0
[    5238ms] [WARNING] No "data-stageId" on stage. @ http://localhost:8080/plugin/pipeline-stage-view/jsmodules/stageview.js:0
[    5238ms] [WARNING] No "data-stageId" on stage. @ http://localhost:8080/plugin/pipeline-stage-view/jsmodules/stageview.js:0
[    5238ms] [WARNING] No "data-stageId" on stage. @ http://localhost:8080/plugin/pipeline-stage-view/jsmodules/stageview.js:0
[    5238ms] [WARNING] No "data-stageId" on stage. @ http://localhost:8080/plugin/pipeline-stage-view/jsmodules/stageview.js:0
[    5238ms] [WARNING] No "data-stageId" on stage. @ http://localhost:8080/plugin/pipeline-stage-view/jsmodules/stageview.js:0
[    5239ms] [WARNING] No "data-stageId" on stage. @ http://localhost:8080/plugin/pipeline-stage-view/jsmodules/stageview.js:0
[    5239ms] [WARNING] No "data-stageId" on stage. @ http://localhost:8080/plugin/pipeline-stage-view/jsmodules/stageview.js:0
[    5239ms] [WARNING] No "data-stageId" on stage. @ http://localhost:8080/plugin/pipeline-stage-view/jsmodules/stageview.js:0
[    5239ms] [WARNING] No "data-stageId" on stage. @ http://localhost:8080/plugin/pipeline-stage-view/jsmodules/stageview.js:0
[   10335ms] [WARNING] No "data-stageId" on stage. @ http://localhost:8080/plugin/pipeline-stage-view/jsmodules/stageview.js:0
[   10336ms] [WARNING] No "data-stageId" on stage. @ http://localhost:8080/plugin/pipeline-stage-view/jsmodules/stageview.js:0
[   10336ms] [WARNING] No "data-stageId" on stage. @ http://localhost:8080/plugin/pipeline-stage-view/jsmodules/stageview.js:0
[   10336ms] [WARNING] No "data-stageId" on stage. @ http://localhost:8080/plugin/pipeline-stage-view/jsmodules/stageview.js:0
[   10336ms] [WARNING] No "data-stageId" on stage. @ http://localhost:8080/plugin/pipeline-stage-view/jsmodules/stageview.js:0
[   10336ms] [WARNING] No "data-stageId" on stage. @ http://localhost:8080/plugin/pipeline-stage-view/jsmodules/stageview.js:0
[   10337ms] [WARNING] No "data-stageId" on stage. @ http://localhost:8080/plugin/pipeline-stage-view/jsmodules/stageview.js:0
[   10337ms] [WARNING] No "data-stageId" on stage. @ http://localhost:8080/plugin/pipeline-stage-view/jsmodules/stageview.js:0
[   10337ms] [WARNING] No "data-stageId" on stage. @ http://localhost:8080/plugin/pipeline-stage-view/jsmodules/stageview.js:0
[   10337ms] [WARNING] No "data-stageId" on stage. @ http://localhost:8080/plugin/pipeline-stage-view/jsmodules/stageview.js:0
[   10337ms] [WARNING] No "data-stageId" on stage. @ http://localhost:8080/plugin/pipeline-stage-view/jsmodules/stageview.js:0
[   10337ms] [WARNING] No "data-stageId" on stage. @ http://localhost:8080/plugin/pipeline-stage-view/jsmodules/stageview.js:0
[   15450ms] [WARNING] No "data-stageId" on stage. @ http://localhost:8080/plugin/pipeline-stage-view/jsmodules/stageview.js:0
[   15450ms] [WARNING] No "data-stageId" on stage. @ http://localhost:8080/plugin/pipeline-stage-view/jsmodules/stageview.js:0
[   15451ms] [WARNING] No "data-stageId" on stage. @ http://localhost:8080/plugin/pipeline-stage-view/jsmodules/stageview.js:0
[   15451ms] [WARNING] No "data-stageId" on stage. @ http://localhost:8080/plugin/pipeline-stage-view/jsmodules/stageview.js:0
[   15451ms] [WARNING] No "data-stageId" on stage. @ http://localhost:8080/plugin/pipeline-stage-view/jsmodules/stageview.js:0
[   15452ms] [WARNING] No "data-stageId" on stage. @ http://localhost:8080/plugin/pipeline-stage-view/jsmodules/stageview.js:0
[   15452ms] [WARNING] No "data-stageId" on stage. @ http://localhost:8080/plugin/pipeline-stage-view/jsmodules/stageview.js:0
[   15452ms] [WARNING] No "data-stageId" on stage. @ http://localhost:8080/plugin/pipeline-stage-view/jsmodules/stageview.js:0
[   20649ms] [WARNING] No "data-stageId" on stage. @ http://localhost:8080/plugin/pipeline-stage-view/jsmodules/stageview.js:0
[   20650ms] [WARNING] No "data-stageId" on stage. @ http://localhost:8080/plugin/pipeline-stage-view/jsmodules/stageview.js:0
[   20650ms] [WARNING] No "data-stageId" on stage. @ http://localhost:8080/plugin/pipeline-stage-view/jsmodules/stageview.js:0
[   20651ms] [WARNING] No "data-stageId" on stage. @ http://localhost:8080/plugin/pipeline-stage-view/jsmodules/stageview.js:0
[  445826ms] [ERROR] Failed to load resource: net::ERR_EMPTY_RESPONSE @ http://localhost:8080/job/futurekawa/buildHistory/ajax?search=:0
[  445828ms] TypeError: Failed to fetch
    at load (http://localhost:8080/static/3c03392c/jsbundles/pages/project/builds-card.js:70:3)
    at http://localhost:8080/static/3c03392c/jsbundles/pages/project/builds-card.js:137:49
[  446872ms] [ERROR] Failed to load resource: net::ERR_EMPTY_RESPONSE @ http://localhost:8080/job/futurekawa/wfapi/runs?since=%236&fullStages=true&_=1786630881269:0
[  453822ms] [ERROR] Failed to load resource: the server responded with a status of 503 (Service Unavailable) @ http://localhost:8080/job/futurekawa/buildHistory/ajax?search=:0
[  453822ms] [ERROR] Failed to load 'Builds' card, response from API is: Response @ http://localhost:8080/static/3c03392c/jsbundles/pages/project/builds-card.js:107
[  455872ms] [ERROR] Failed to load resource: the server responded with a status of 403 (Forbidden) @ http://localhost:8080/job/futurekawa/buildHistory/ajax?search=:0
[  455872ms] [ERROR] Failed to load 'Builds' card, response from API is: Response @ http://localhost:8080/static/3c03392c/jsbundles/pages/project/builds-card.js:107
[  460832ms] [ERROR] Failed to load resource: the server responded with a status of 403 (Forbidden) @ http://localhost:8080/job/futurekawa/buildHistory/ajax?search=:0
[  460832ms] [ERROR] Failed to load 'Builds' card, response from API is: Response @ http://localhost:8080/static/3c03392c/jsbundles/pages/project/builds-card.js:107
[  465850ms] [ERROR] Failed to load resource: the server responded with a status of 403 (Forbidden) @ http://localhost:8080/job/futurekawa/buildHistory/ajax?search=:0
[  465850ms] [ERROR] Failed to load 'Builds' card, response from API is: Response @ http://localhost:8080/static/3c03392c/jsbundles/pages/project/builds-card.js:107
[  470861ms] [ERROR] Failed to load resource: the server responded with a status of 403 (Forbidden) @ http://localhost:8080/job/futurekawa/buildHistory/ajax?search=:0
[  470861ms] [ERROR] Failed to load 'Builds' card, response from API is: Response @ http://localhost:8080/static/3c03392c/jsbundles/pages/project/builds-card.js:107
[  475874ms] [ERROR] Failed to load resource: the server responded with a status of 403 (Forbidden) @ http://localhost:8080/job/futurekawa/buildHistory/ajax?search=:0
[  475875ms] [ERROR] Failed to load 'Builds' card, response from API is: Response @ http://localhost:8080/static/3c03392c/jsbundles/pages/project/builds-card.js:107
[  480883ms] [ERROR] Failed to load resource: the server responded with a status of 403 (Forbidden) @ http://localhost:8080/job/futurekawa/buildHistory/ajax?search=:0
[  480883ms] [ERROR] Failed to load 'Builds' card, response from API is: Response @ http://localhost:8080/static/3c03392c/jsbundles/pages/project/builds-card.js:107
[  485893ms] [ERROR] Failed to load resource: the server responded with a status of 403 (Forbidden) @ http://localhost:8080/job/futurekawa/buildHistory/ajax?search=:0
[  485894ms] [ERROR] Failed to load 'Builds' card, response from API is: Response @ http://localhost:8080/static/3c03392c/jsbundles/pages/project/builds-card.js:107
[  490904ms] [ERROR] Failed to load resource: the server responded with a status of 403 (Forbidden) @ http://localhost:8080/job/futurekawa/buildHistory/ajax?search=:0
[  490904ms] [ERROR] Failed to load 'Builds' card, response from API is: Response @ http://localhost:8080/static/3c03392c/jsbundles/pages/project/builds-card.js:107
[  495918ms] [ERROR] Failed to load resource: the server responded with a status of 403 (Forbidden) @ http://localhost:8080/job/futurekawa/buildHistory/ajax?search=:0
[  495918ms] [ERROR] Failed to load 'Builds' card, response from API is: Response @ http://localhost:8080/static/3c03392c/jsbundles/pages/project/builds-card.js:107
[  500932ms] [ERROR] Failed to load resource: the server responded with a status of 403 (Forbidden) @ http://localhost:8080/job/futurekawa/buildHistory/ajax?search=:0
[  500932ms] [ERROR] Failed to load 'Builds' card, response from API is: Response @ http://localhost:8080/static/3c03392c/jsbundles/pages/project/builds-card.js:107
[  505941ms] [ERROR] Failed to load resource: the server responded with a status of 403 (Forbidden) @ http://localhost:8080/job/futurekawa/buildHistory/ajax?search=:0
[  505942ms] [ERROR] Failed to load 'Builds' card, response from API is: Response @ http://localhost:8080/static/3c03392c/jsbundles/pages/project/builds-card.js:107
[  510953ms] [ERROR] Failed to load resource: the server responded with a status of 403 (Forbidden) @ http://localhost:8080/job/futurekawa/buildHistory/ajax?search=:0
[  510953ms] [ERROR] Failed to load 'Builds' card, response from API is: Response @ http://localhost:8080/static/3c03392c/jsbundles/pages/project/builds-card.js:107
[  515954ms] [ERROR] Failed to load resource: the server responded with a status of 403 (Forbidden) @ http://localhost:8080/job/futurekawa/buildHistory/ajax?search=:0
[  515954ms] [ERROR] Failed to load 'Builds' card, response from API is: Response @ http://localhost:8080/static/3c03392c/jsbundles/pages/project/builds-card.js:107
[  520959ms] [ERROR] Failed to load resource: the server responded with a status of 403 (Forbidden) @ http://localhost:8080/job/futurekawa/buildHistory/ajax?search=:0
[  520959ms] [ERROR] Failed to load 'Builds' card, response from API is: Response @ http://localhost:8080/static/3c03392c/jsbundles/pages/project/builds-card.js:107
[  525973ms] [ERROR] Failed to load resource: the server responded with a status of 403 (Forbidden) @ http://localhost:8080/job/futurekawa/buildHistory/ajax?search=:0
[  525973ms] [ERROR] Failed to load 'Builds' card, response from API is: Response @ http://localhost:8080/static/3c03392c/jsbundles/pages/project/builds-card.js:107
[  530980ms] [ERROR] Failed to load resource: the server responded with a status of 403 (Forbidden) @ http://localhost:8080/job/futurekawa/buildHistory/ajax?search=:0
[  530980ms] [ERROR] Failed to load 'Builds' card, response from API is: Response @ http://localhost:8080/static/3c03392c/jsbundles/pages/project/builds-card.js:107
[  535987ms] [ERROR] Failed to load resource: the server responded with a status of 403 (Forbidden) @ http://localhost:8080/job/futurekawa/buildHistory/ajax?search=:0
[  535987ms] [ERROR] Failed to load 'Builds' card, response from API is: Response @ http://localhost:8080/static/3c03392c/jsbundles/pages/project/builds-card.js:107
[  540998ms] [ERROR] Failed to load resource: the server responded with a status of 403 (Forbidden) @ http://localhost:8080/job/futurekawa/buildHistory/ajax?search=:0
[  540998ms] [ERROR] Failed to load 'Builds' card, response from API is: Response @ http://localhost:8080/static/3c03392c/jsbundles/pages/project/builds-card.js:107
[  546008ms] [ERROR] Failed to load resource: the server responded with a status of 403 (Forbidden) @ http://localhost:8080/job/futurekawa/buildHistory/ajax?search=:0
[  546009ms] [ERROR] Failed to load 'Builds' card, response from API is: Response @ http://localhost:8080/static/3c03392c/jsbundles/pages/project/builds-card.js:107
[  551011ms] [ERROR] Failed to load resource: the server responded with a status of 403 (Forbidden) @ http://localhost:8080/job/futurekawa/buildHistory/ajax?search=:0
[  551011ms] [ERROR] Failed to load 'Builds' card, response from API is: Response @ http://localhost:8080/static/3c03392c/jsbundles/pages/project/builds-card.js:107
[  556023ms] [ERROR] Failed to load resource: the server responded with a status of 403 (Forbidden) @ http://localhost:8080/job/futurekawa/buildHistory/ajax?search=:0
[  556023ms] [ERROR] Failed to load 'Builds' card, response from API is: Response @ http://localhost:8080/static/3c03392c/jsbundles/pages/project/builds-card.js:107
[  561039ms] [ERROR] Failed to load resource: the server responded with a status of 403 (Forbidden) @ http://localhost:8080/job/futurekawa/buildHistory/ajax?search=:0
[  561039ms] [ERROR] Failed to load 'Builds' card, response from API is: Response @ http://localhost:8080/static/3c03392c/jsbundles/pages/project/builds-card.js:107
[  566042ms] [ERROR] Failed to load resource: the server responded with a status of 403 (Forbidden) @ http://localhost:8080/job/futurekawa/buildHistory/ajax?search=:0
[  566042ms] [ERROR] Failed to load 'Builds' card, response from API is: Response @ http://localhost:8080/static/3c03392c/jsbundles/pages/project/builds-card.js:107
[  571048ms] [ERROR] Failed to load resource: the server responded with a status of 403 (Forbidden) @ http://localhost:8080/job/futurekawa/buildHistory/ajax?search=:0
[  571048ms] [ERROR] Failed to load 'Builds' card, response from API is: Response @ http://localhost:8080/static/3c03392c/jsbundles/pages/project/builds-card.js:107
[  576055ms] [ERROR] Failed to load resource: the server responded with a status of 403 (Forbidden) @ http://localhost:8080/job/futurekawa/buildHistory/ajax?search=:0
[  576055ms] [ERROR] Failed to load 'Builds' card, response from API is: Response @ http://localhost:8080/static/3c03392c/jsbundles/pages/project/builds-card.js:107
[  581061ms] [ERROR] Failed to load resource: the server responded with a status of 403 (Forbidden) @ http://localhost:8080/job/futurekawa/buildHistory/ajax?search=:0
[  581061ms] [ERROR] Failed to load 'Builds' card, response from API is: Response @ http://localhost:8080/static/3c03392c/jsbundles/pages/project/builds-card.js:107
[  586073ms] [ERROR] Failed to load resource: the server responded with a status of 403 (Forbidden) @ http://localhost:8080/job/futurekawa/buildHistory/ajax?search=:0
[  586073ms] [ERROR] Failed to load 'Builds' card, response from API is: Response @ http://localhost:8080/static/3c03392c/jsbundles/pages/project/builds-card.js:107
[  591080ms] [ERROR] Failed to load resource: the server responded with a status of 403 (Forbidden) @ http://localhost:8080/job/futurekawa/buildHistory/ajax?search=:0
[  591080ms] [ERROR] Failed to load 'Builds' card, response from API is: Response @ http://localhost:8080/static/3c03392c/jsbundles/pages/project/builds-card.js:107
[  596094ms] [ERROR] Failed to load resource: the server responded with a status of 403 (Forbidden) @ http://localhost:8080/job/futurekawa/buildHistory/ajax?search=:0
[  596094ms] [ERROR] Failed to load 'Builds' card, response from API is: Response @ http://localhost:8080/static/3c03392c/jsbundles/pages/project/builds-card.js:107
